
=== Clear run at 2025-11-23 19:49:36 ===
Deleted:
uploaded_uploads\aadhar.docx
uploaded_uploads\NLP 3 marks.pdf
uploaded_uploads\sample-tables.pdf
uploaded_uploads\WhatsApp Image 2025-10-28 at 18.38.40_ff1d5b26.jpg
tmp_parse
faiss_index
indexed_hashes.json

=== Clear run at 2025-11-23 19:56:02 ===
Deleted:
uploaded_uploads\sample-tables.pdf
uploaded_uploads\Technologies used in NBT CHATBOT.docx
tmp_parse
faiss_index
indexed_hashes.json

=== Clear run at 2025-11-23 20:02:49 ===
Deleted:
tmp_parse
faiss_index

=== Clear run at 2025-11-23 20:03:55 ===
Deleted:
uploaded_uploads\aadhar.docx
uploaded_uploads\NLP 3 marks.pdf
tmp_parse
faiss_index
indexed_hashes.json
